lo               UNKNOWN        127.0.0.1/8 ::1/128 
eth0             DOWN           
wlan0            UP             192.168.0.176/24 2600:8802:fe0:1400::f260/128 2600:8802:fe0:1400:dea6:32ff:fe1f:f980/64 fe80::dea6:32ff:fe1f:f980/64 
